--- TEST ENVIRONMENT ---------------------------------------------------------

  qmtest.run.uname:
     Linux lxplus403.cern.ch 2.6.18-274.3.1.el5 #1 SMP Wed Sep 7 10:51:39 CEST 2011 x86_64

  qmtest.run.username:
     lcgspi

  qmtest.run.command_line:
     /afs/cern.ch/sw/lcg/external/QMtest/2.4.1_python2.6/i686-slc5-gcc43-opt/bin/qmtest run -o /afs/cern.ch/sw/lcg/app/releases/CORAL/CORAL_2_3_20/src/logs/qmtest/i686-slc5-gcc43-dbg.qmr

  qmtest.run.version:
     2.4.1

  qmtest.run.start_time:
     2011-12-13T16:57:00Z

  qmtest.run.end_time:
     2011-12-13T17:05:59Z

--- TEST RESULTS -------------------------------------------------------------

  integration.aliasessynonyms_mysql             : UNTESTED
    Platform not supported.

  integration.aliasessynonyms_mysql-coral       : UNTESTED
    Platform not supported.

  integration.aliasessynonyms_oracle            : PASS    

  integration.aliasessynonyms_oracle-coral      : PASS    

  integration.aliasessynonyms_oracle-frontier   : UNTESTED
    Platform not supported.

  integration.aliasessynonyms_sqlite            : UNTESTED
    Platform not supported.

  integration.basic_mysql                       : UNTESTED
    Platform not supported.

  integration.basic_mysql-coral                 : UNTESTED
    Platform not supported.

  integration.basic_oracle                      : PASS    

  integration.basic_oracle-coral                : PASS    

  integration.basic_oracle-frontier             : PASS    

  integration.basic_sqlite                      : PASS    

  integration.changenotification_mysql          : PASS    

  integration.changenotification_mysql-coral    : UNTESTED
    Platform not supported.

  integration.changenotification_oracle         : PASS    

  integration.changenotification_oracle-coral   : UNTESTED
    Platform not supported.

  integration.changenotification_oracle-frontier: PASS    

  integration.changenotification_sqlite         : PASS    

  integration.connectionservice_cleanuppool_mysql: UNTESTED
    Platform not supported.

  integration.connectionservice_cleanuppool_mysql-coral: UNTESTED
    Platform not supported.

  integration.connectionservice_cleanuppool_oracle: UNTESTED
    Platform not supported.

  integration.connectionservice_cleanuppool_oracle-coral: UNTESTED
    Platform not supported.

  integration.connectionservice_cleanuppool_oracle-frontier: UNTESTED
    Platform not supported.

  integration.connectionservice_cleanuppool_sqlite: UNTESTED
    Platform not supported.

  integration.connectionservice_connectionpool_mysql: UNTESTED
    Platform not supported.

  integration.connectionservice_connectionpool_mysql-coral: UNTESTED
    Platform not supported.

  integration.connectionservice_connectionpool_oracle: UNTESTED
    Platform not supported.

  integration.connectionservice_connectionpool_oracle-coral: UNTESTED
    Platform not supported.

  integration.connectionservice_connectionpool_oracle-frontier: UNTESTED
    Platform not supported.

  integration.connectionservice_connectionpool_sqlite: UNTESTED
    Platform not supported.

  integration.connectionservice_mysql           : UNTESTED
    Platform not supported.

  integration.connectionservice_mysql-coral     : UNTESTED
    Platform not supported.

  integration.connectionservice_oracle          : UNTESTED
    Platform not supported.

  integration.connectionservice_oracle-coral    : UNTESTED
    Platform not supported.

  integration.connectionservice_oracle-frontier : UNTESTED
    Platform not supported.

  integration.connectionservice_replicaexcluding_mysql: UNTESTED
    Platform not supported.

  integration.connectionservice_replicaexcluding_mysql-coral: UNTESTED
    Platform not supported.

  integration.connectionservice_replicaexcluding_oracle: UNTESTED
    Platform not supported.

  integration.connectionservice_replicaexcluding_oracle-coral: UNTESTED
    Platform not supported.

  integration.connectionservice_replicaexcluding_oracle-frontier: UNTESTED
    Platform not supported.

  integration.connectionservice_replicaexcluding_sqlite: UNTESTED
    Platform not supported.

  integration.connectionservice_replicahandling_mysql: UNTESTED
    Platform not supported.

  integration.connectionservice_replicahandling_mysql-coral: UNTESTED
    Platform not supported.

  integration.connectionservice_replicahandling_oracle: UNTESTED
    Platform not supported.

  integration.connectionservice_replicahandling_oracle-coral: UNTESTED
    Platform not supported.

  integration.connectionservice_replicahandling_oracle-frontier: UNTESTED
    Platform not supported.

  integration.connectionservice_replicahandling_sqlite: UNTESTED
    Platform not supported.

  integration.connectionservice_replicasorting_mysql: UNTESTED
    Platform not supported.

  integration.connectionservice_replicasorting_mysql-coral: UNTESTED
    Platform not supported.

  integration.connectionservice_replicasorting_oracle: UNTESTED
    Platform not supported.

  integration.connectionservice_replicasorting_oracle-coral: UNTESTED
    Platform not supported.

  integration.connectionservice_replicasorting_oracle-frontier: UNTESTED
    Platform not supported.

  integration.connectionservice_replicasorting_sqlite: UNTESTED
    Platform not supported.

  integration.connectionservice_sessionsharing_mysql: UNTESTED
    Platform not supported.

  integration.connectionservice_sessionsharing_mysql-coral: UNTESTED
    Platform not supported.

  integration.connectionservice_sessionsharing_oracle: UNTESTED
    Platform not supported.

  integration.connectionservice_sessionsharing_oracle-coral: UNTESTED
    Platform not supported.

  integration.connectionservice_sessionsharing_oracle-frontier: UNTESTED
    Platform not supported.

  integration.connectionservice_sessionsharing_sqlite: UNTESTED
    Platform not supported.

  integration.connectionservice_simplefailover_mysql: UNTESTED
    Platform not supported.

  integration.connectionservice_simplefailover_mysql-coral: UNTESTED
    Platform not supported.

  integration.connectionservice_simplefailover_oracle: UNTESTED
    Platform not supported.

  integration.connectionservice_simplefailover_oracle-coral: UNTESTED
    Platform not supported.

  integration.connectionservice_simplefailover_oracle-frontier: UNTESTED
    Platform not supported.

  integration.connectionservice_simplefailover_sqlite: UNTESTED
    Platform not supported.

  integration.connectionservice_sqlite          : UNTESTED
    Platform not supported.

  integration.connectionservice_sqliteconnection_mysql: UNTESTED
    Platform not supported.

  integration.connectionservice_sqliteconnection_mysql-coral: UNTESTED
    Platform not supported.

  integration.connectionservice_sqliteconnection_oracle: UNTESTED
    Platform not supported.

  integration.connectionservice_sqliteconnection_oracle-coral: UNTESTED
    Platform not supported.

  integration.connectionservice_sqliteconnection_oracle-frontier: UNTESTED
    Platform not supported.

  integration.connectionservice_sqliteconnection_sqlite: UNTESTED
    Platform not supported.

  integration.connectionservice_sqlitefailover_mysql: UNTESTED
    Platform not supported.

  integration.connectionservice_sqlitefailover_mysql-coral: UNTESTED
    Platform not supported.

  integration.connectionservice_sqlitefailover_oracle: UNTESTED
    Platform not supported.

  integration.connectionservice_sqlitefailover_oracle-coral: UNTESTED
    Platform not supported.

  integration.connectionservice_sqlitefailover_oracle-frontier: UNTESTED
    Platform not supported.

  integration.connectionservice_sqlitefailover_sqlite: UNTESTED
    Platform not supported.

  integration.connectionservice_switchschema_mysql: UNTESTED
    Platform not supported.

  integration.connectionservice_switchschema_mysql-coral: UNTESTED
    Platform not supported.

  integration.connectionservice_switchschema_oracle: UNTESTED
    Platform not supported.

  integration.connectionservice_switchschema_oracle-coral: UNTESTED
    Platform not supported.

  integration.connectionservice_switchschema_oracle-frontier: UNTESTED
    Platform not supported.

  integration.connectionservice_switchschema_sqlite: UNTESTED
    Platform not supported.

  integration.connectionservice_timerbasic_mysql: UNTESTED
    Platform not supported.

  integration.connectionservice_timerbasic_mysql-coral: UNTESTED
    Platform not supported.

  integration.connectionservice_timerbasic_oracle: UNTESTED
    Platform not supported.

  integration.connectionservice_timerbasic_oracle-coral: UNTESTED
    Platform not supported.

  integration.connectionservice_timerbasic_oracle-frontier: UNTESTED
    Platform not supported.

  integration.connectionservice_timerbasic_sqlite: UNTESTED
    Platform not supported.

  integration.deletecascade_mysql               : PASS    

  integration.deletecascade_mysql-coral         : UNTESTED
    Platform not supported.

  integration.deletecascade_oracle              : PASS    

  integration.deletecascade_oracle-coral        : UNTESTED
    Platform not supported.

  integration.deletecascade_oracle-frontier     : PASS    

  integration.deletecascade_sqlite              : PASS    

  integration.inputoutput_mysql                 : UNTESTED
    Platform not supported.

  integration.inputoutput_mysql-coral           : UNTESTED
    Platform not supported.

  integration.inputoutput_oracle                : PASS    

  integration.inputoutput_oracle-coral          : UNTESTED
    Platform not supported.

  integration.inputoutput_oracle-frontier       : PASS    

  integration.inputoutput_sqlite                : UNTESTED
    Platform not supported.

  integration.lfcreplicaservice_mysql           : UNTESTED
    Platform not supported.

  integration.lfcreplicaservice_mysql-coral     : UNTESTED
    Platform not supported.

  integration.lfcreplicaservice_oracle          : UNTESTED
    Platform not supported.

  integration.lfcreplicaservice_oracle-coral    : UNTESTED
    Platform not supported.

  integration.lfcreplicaservice_oracle-frontier : UNTESTED
    Platform not supported.

  integration.lfcreplicaservice_sqlite          : UNTESTED
    Platform not supported.

  integration.lookupservice_mysql               : PASS    

  integration.lookupservice_mysql-coral         : UNTESTED
    Platform not supported.

  integration.lookupservice_oracle              : PASS    

  integration.lookupservice_oracle-coral        : UNTESTED
    Platform not supported.

  integration.lookupservice_oracle-frontier     : PASS    

  integration.lookupservice_sqlite              : PASS    

  integration.miscellaneousbugs_mysql           : PASS    

  integration.miscellaneousbugs_mysql-coral     : UNTESTED
    Platform not supported.

  integration.miscellaneousbugs_oracle          : PASS    

  integration.miscellaneousbugs_oracle-coral    : UNTESTED
    Platform not supported.

  integration.miscellaneousbugs_oracle-frontier : PASS    

  integration.miscellaneousbugs_sqlite          : PASS    

  integration.monitoring_mysql                  : UNTESTED
    Platform not supported.

  integration.monitoring_mysql-coral            : UNTESTED
    Platform not supported.

  integration.monitoring_oracle                 : PASS    

  integration.monitoring_oracle-coral           : UNTESTED
    Platform not supported.

  integration.monitoring_oracle-frontier        : PASS    

  integration.monitoring_sqlite                 : UNTESTED
    Platform not supported.

  integration.monitoringservice_mysql           : UNTESTED
    Platform not supported.

  integration.monitoringservice_mysql-coral     : UNTESTED
    Platform not supported.

  integration.monitoringservice_oracle          : PASS    

  integration.monitoringservice_oracle-coral    : UNTESTED
    Platform not supported.

  integration.monitoringservice_oracle-frontier : PASS    

  integration.monitoringservice_sqlite          : PASS    

  integration.multithreading_mysql              : PASS    

  integration.multithreading_mysql-coral        : UNTESTED
    Platform not supported.

  integration.multithreading_oracle             : PASS    

  integration.multithreading_oracle-coral       : PASS    

  integration.multithreading_oracle-frontier    : UNTESTED
    Platform not supported.

  integration.multithreading_sqlite             : UNTESTED
    Platform not supported.

  integration.networkfailure_mysql              : UNTESTED
    Platform not supported.

  integration.networkfailure_mysql-coral        : UNTESTED
    Platform not supported.

  integration.networkfailure_oracle             : UNTESTED
    Platform not supported.

  integration.networkfailure_oracle-coral       : UNTESTED
    Platform not supported.

  integration.networkfailure_oracle-frontier    : UNTESTED
    Platform not supported.

  integration.networkfailure_sqlite             : UNTESTED
    Platform not supported.

  integration.objectconsistency_mysql           : UNTESTED
    Platform not supported.

  integration.objectconsistency_mysql-coral     : UNTESTED
    Platform not supported.

  integration.objectconsistency_oracle          : PASS    

  integration.objectconsistency_oracle-coral    : UNTESTED
    Platform not supported.

  integration.objectconsistency_oracle-frontier : UNTESTED
    Platform not supported.

  integration.objectconsistency_sqlite          : UNTESTED
    Platform not supported.

  integration.prefetching_mysql                 : PASS    

  integration.prefetching_mysql-coral           : UNTESTED
    Platform not supported.

  integration.prefetching_oracle                : UNTESTED
    Platform not supported.

  integration.prefetching_oracle-coral          : UNTESTED
    Platform not supported.

  integration.prefetching_oracle-frontier       : UNTESTED
    Platform not supported.

  integration.prefetching_sqlite                : PASS    

  integration.quotes_mysql                      : PASS    

  integration.quotes_mysql-coral                : UNTESTED
    Platform not supported.

  integration.quotes_oracle                     : PASS    

  integration.quotes_oracle-coral               : PASS    

  integration.quotes_oracle-frontier            : PASS    

  integration.quotes_sqlite                     : PASS    

  integration.randomcycler_mysql                : UNTESTED
    Platform not supported.

  integration.randomcycler_mysql-coral          : UNTESTED
    Platform not supported.

  integration.randomcycler_oracle               : PASS    

  integration.randomcycler_oracle-coral         : PASS    

  integration.randomcycler_oracle-frontier      : UNTESTED
    Platform not supported.

  integration.randomcycler_sqlite               : UNTESTED
    Platform not supported.

  integration.retryandfailover_mysql            : UNTESTED
    Platform not supported.

  integration.retryandfailover_mysql-coral      : UNTESTED
    Platform not supported.

  integration.retryandfailover_oracle           : UNTESTED
    Platform not supported.

  integration.retryandfailover_oracle-coral     : UNTESTED
    Platform not supported.

  integration.retryandfailover_oracle-frontier  : UNTESTED
    Platform not supported.

  integration.retryandfailover_sqlite           : UNTESTED
    Platform not supported.

  integration.sequence_mysql                    : UNTESTED
    Platform not supported.

  integration.sequence_mysql-coral              : UNTESTED
    Platform not supported.

  integration.sequence_oracle                   : PASS    

  integration.sequence_oracle-coral             : UNTESTED
    Platform not supported.

  integration.sequence_oracle-frontier          : PASS    

  integration.sequence_sqlite                   : UNTESTED
    Platform not supported.

  integration.sessionsinmultiplethreads_mysql   : UNTESTED
    Platform not supported.

  integration.sessionsinmultiplethreads_mysql-coral: UNTESTED
    Platform not supported.

  integration.sessionsinmultiplethreads_oracle  : UNTESTED
    Platform not supported.

  integration.sessionsinmultiplethreads_oracle-coral: UNTESTED
    Platform not supported.

  integration.sessionsinmultiplethreads_oracle-frontier: UNTESTED
    Platform not supported.

  integration.sessionsinmultiplethreads_sqlite  : UNTESTED
    Platform not supported.

  integration.specificfrontier_mysql            : PASS    

  integration.specificfrontier_mysql-coral      : UNTESTED
    Platform not supported.

  integration.specificfrontier_oracle           : PASS    

  integration.specificfrontier_oracle-coral     : UNTESTED
    Platform not supported.

  integration.specificfrontier_oracle-frontier  : PASS    

  integration.specificfrontier_sqlite           : PASS    

  integration.storedprocedures_mysql            : UNTESTED
    Platform not supported.

  integration.storedprocedures_mysql-coral      : UNTESTED
    Platform not supported.

  integration.storedprocedures_oracle           : UNTESTED
    Platform not supported.

  integration.storedprocedures_oracle-coral     : UNTESTED
    Platform not supported.

  integration.storedprocedures_oracle-frontier  : UNTESTED
    Platform not supported.

  integration.storedprocedures_sqlite           : UNTESTED
    Platform not supported.

  integration.stresstest_mysql                  : UNTESTED
    Platform not supported.

  integration.stresstest_mysql-coral            : UNTESTED
    Platform not supported.

  integration.stresstest_oracle                 : UNTESTED
    Platform not supported.

  integration.stresstest_oracle-coral           : UNTESTED
    Platform not supported.

  integration.stresstest_oracle-frontier        : UNTESTED
    Platform not supported.

  integration.stresstest_sqlite                 : UNTESTED
    Platform not supported.

  integration.usertests_mysql                   : UNTESTED
    Platform not supported.

  integration.usertests_mysql-coral             : UNTESTED
    Platform not supported.

  integration.usertests_oracle                  : UNTESTED
    Platform not supported.

  integration.usertests_oracle-coral            : UNTESTED
    Platform not supported.

  integration.usertests_oracle-frontier         : UNTESTED
    Platform not supported.

  integration.usertests_sqlite                  : UNTESTED
    Platform not supported.

  integration.writeread_mysql                   : UNTESTED
    Platform not supported.

  integration.writeread_mysql-coral             : UNTESTED
    Platform not supported.

  integration.writeread_oracle                  : PASS    

  integration.writeread_oracle-coral            : PASS    

  integration.writeread_oracle-frontier         : PASS    

  integration.writeread_sqlite                  : PASS    

  pycoral.importpycoral                         : PASS    

  pycoral.networkglitch                         : FAIL    
    Unexpected exit_code.

    ExecTest.exit_code:
      1

    ExecTest.expected_exit_code:
      0

    ExecTest.expected_stdout:
      
      *
      

    ExecTest.stderr:
      

    ExecTest.stdout:
      
      ----------------------------------------------------------------------
      +++ PYTEST MAIN ( 6502) @18:02:30.268860 +++ Table name: R5TD_NETWORKGLITCHTEST
      +++ PYTEST MAIN ( 6502) @18:02:30.268939 +++ Local port number: 46531
      +++ PYTEST MAIN ( 6502) @18:02:31.133254 +++ TNS_ADMIN: /tmp/lcgspi/i686-slc5-gcc43-dbg/release
      +++ PYTEST MAIN ( 6502) @18:02:31.157493 +++ Instantiate the PyCoral connection service
      +++ PYTEST MAIN ( 6502) @18:02:31.160983 +++ Open a network tunnel
      ssh(6520) Process started
      +++ PYTEST MAIN ( 6502) @18:02:32.511672 +++ Do not create the table
      
      ++++++++++++++++++++++++++++++++++++++++++++++++++++++++++++++++++++++
      TestNetworkGlitch.test010_createQueryAfterGlitch ... 
      +++ PYTEST MAIN ( 6502) @18:02:32.514958 +++ Connect R/O to: oracle://lcg_coral_nightly_proxy/lcg_coral_nightly
      +++ PYTEST MAIN ( 6502) @18:02:39.339233 +++ Start a R/O transaction
      +++ PYTEST MAIN ( 6502) @18:02:39.339307 +++ GLITCH.....!
      ssh(6520) Process will be killed
      ssh(6571) Process started
      +++ PYTEST MAIN ( 6502) @18:02:42.832105 +++ GLITCH OVER!
      2011-12-13 18:02:42.832 [ERR] {CORAL/RelationalPlugins/oracle} The connection has been lost!?
      2011-12-13 18:02:42.833 [ERR] {CORAL/Services/ConnectionService} The session is no longer valid: re-open a new session (ConnectionService::SessionProxy::reconnect)
      +++ PYTEST MAIN ( 6502) @18:02:42.944825 +++ Trigger reconnect (retrieve nominal schema)
      +++ PYTEST MAIN ( 6502) @18:02:42.945297 +++ Create a query
      +++ PYTEST MAIN ( 6502) @18:02:42.972508 +++ Retrieve the first 5 rows
      ID (int) : 0 Data (float) : 0
      ID (int) : 1 Data (float) : 1
      ID (int) : 2 Data (float) : 2
      ID (int) : 3 Data (float) : 3
      ID (int) : 4 Data (float) : 4
      +++ PYTEST MAIN ( 6502) @18:02:42.973885 +++ Commit the R/O transaction
      ======================================================================
      ok
      
      ++++++++++++++++++++++++++++++++++++++++++++++++++++++++++++++++++++++
      TestNetworkGlitch.test011_ICursorPVM_bug73334 ... 
      +++ PYTEST MAIN ( 6502) @18:02:42.977852 +++ Connect R/O to: oracle://lcg_coral_nightly_proxy/lcg_coral_nightly
      2011-12-13 18:02:43.128 [WRN] {CORAL/RelationalPlugins/oracle} CORAL_ORA_SKIP_TRANS_READONLY is set: this session will skip OCI serializable read-only transactions
      +++ PYTEST MAIN ( 6502) @18:02:43.128202 +++ Start a R/O transaction
      +++ PYTEST MAIN ( 6502) @18:02:43.128582 +++ Create a query
      +++ PYTEST MAIN ( 6502) @18:02:43.153719 +++ Retrieve the first 5 rows
      ID (int) : 0 Data (float) : 0
      ID (int) : 1 Data (float) : 1
      ID (int) : 2 Data (float) : 2
      ID (int) : 3 Data (float) : 3
      ID (int) : 4 Data (float) : 4
      +++ PYTEST MAIN ( 6502) @18:02:43.154812 +++ GLITCH.....!
      ssh(6571) Process will be killed
      ssh(6625) Process started
      +++ PYTEST MAIN ( 6502) @18:02:47.278416 +++ GLITCH OVER!
      +++ PYTEST MAIN ( 6502) @18:02:47.278524 +++ Trigger reconnect (retrieve nominal schema)
      2011-12-13 18:02:47.278 [ERR] {CORAL/RelationalPlugins/oracle} The connection has been lost!?
      2011-12-13 18:02:47.278 [ERR] {CORAL/Services/ConnectionService} The session is no longer valid: re-open a new session (ConnectionService::SessionProxy::reconnect)
      2011-12-13 18:02:47.390 [WRN] {CORAL/RelationalPlugins/oracle} CORAL_ORA_SKIP_TRANS_READONLY is set: this session will skip OCI serializable read-only transactions
      +++ PYTEST MAIN ( 6502) @18:02:47.390949 +++ Retrieve the 6th row (this may fail)
      ERROR
      ======================================================================
      
      ++++++++++++++++++++++++++++++++++++++++++++++++++++++++++++++++++++++
      TestNetworkGlitch.test021_glitchInActiveTransRW_bug73688_akaBug57639 ... 
      +++ PYTEST MAIN ( 6502) @18:02:47.394320 +++ Connect R/W to: oracle://lcg_coral_nightly_proxy/lcg_coral_nightly
      +++ PYTEST MAIN ( 6502) @18:02:47.544682 +++ Start a R/W transaction
      +++ PYTEST MAIN ( 6502) @18:02:47.545565 +++ GLITCH.....!
      ssh(6625) Process will be killed
      ssh(6760) Process started
      +++ PYTEST MAIN ( 6502) @18:02:51.042801 +++ GLITCH OVER!
      +++ PYTEST MAIN ( 6502) @18:02:51.042912 +++ Try to commit... it should fail
      2011-12-13 18:02:51.043 [ERR] {CORAL/RelationalPlugins/oracle} The connection has been lost!?
      2011-12-13 18:02:51.043 [ERR] {CORAL/Services/ConnectionService} The session is no longer valid: re-open a new session (ConnectionService::SessionProxy::reconnect)
      +++ PYTEST MAIN ( 6502) @18:02:51.155833 +++ Commit has failed: OK
      ======================================================================
      ok
      
      ++++++++++++++++++++++++++++++++++++++++++++++++++++++++++++++++++++++
      TestNetworkGlitch.test022_glitchInActiveTransSerialRO_bug57117 ... 
      +++ PYTEST MAIN ( 6502) @18:02:51.158154 +++ Connect R/O to: oracle://lcg_coral_nightly_proxy/lcg_coral_nightly
      +++ PYTEST MAIN ( 6502) @18:02:51.307838 +++ Start a R/O transaction
      +++ PYTEST MAIN ( 6502) @18:02:51.308702 +++ GLITCH.....!
      ssh(6760) Process will be killed
      ssh(6800) Process started
      +++ PYTEST MAIN ( 6502) @18:02:54.753328 +++ GLITCH OVER!
      +++ PYTEST MAIN ( 6502) @18:02:54.753454 +++ Try to commit... it should fail
      2011-12-13 18:02:54.753 [ERR] {CORAL/RelationalPlugins/oracle} The connection has been lost!?
      2011-12-13 18:02:54.753 [ERR] {CORAL/Services/ConnectionService} The session is no longer valid: re-open a new session (ConnectionService::SessionProxy::reconnect)
      FAIL
      ======================================================================
      
      ++++++++++++++++++++++++++++++++++++++++++++++++++++++++++++++++++++++
      TestNetworkGlitch.test023_glitchInActiveTransNonSerialRO_bug65597 ... 
      +++ PYTEST MAIN ( 6502) @18:02:54.869866 +++ Connect R/O to: oracle://lcg_coral_nightly_proxy/lcg_coral_nightly
      2011-12-13 18:02:55.018 [WRN] {CORAL/RelationalPlugins/oracle} CORAL_ORA_SKIP_TRANS_READONLY is set: this session will skip OCI serializable read-only transactions
      +++ PYTEST MAIN ( 6502) @18:02:55.018740 +++ Start a R/O transaction
      +++ PYTEST MAIN ( 6502) @18:02:55.019214 +++ GLITCH.....!
      ssh(6800) Process will be killed
      ssh(6841) Process started
      +++ PYTEST MAIN ( 6502) @18:02:58.511682 +++ GLITCH OVER!
      +++ PYTEST MAIN ( 6502) @18:02:58.511808 +++ Try to commit... it should succeed
      2011-12-13 18:02:58.512 [ERR] {CORAL/RelationalPlugins/oracle} The connection has been lost!?
      2011-12-13 18:02:58.512 [ERR] {CORAL/Services/ConnectionService} The session is no longer valid: re-open a new session (ConnectionService::SessionProxy::reconnect)
      2011-12-13 18:02:58.624 [WRN] {CORAL/RelationalPlugins/oracle} CORAL_ORA_SKIP_TRANS_READONLY is set: this session will skip OCI serializable read-only transactions
      +++ PYTEST MAIN ( 6502) @18:02:58.624957 +++ Commit has succeeded: OK
      ======================================================================
      ok
      
      ++++++++++++++++++++++++++++++++++++++++++++++++++++++++++++++++++++++
      TestNetworkGlitch.test031_IConnectionToCursor ... 
      +++ PYTEST MAIN ( 6502) @18:02:58.627504 +++ Open a network tunnel
      +++ PYTEST MAIN ( 6502) @18:02:58.739347 +++ Connect R/O to: oracle://lcg_coral_nightly_proxy/lcg_coral_nightly
      2011-12-13 18:02:58.851 [WRN] {CORAL/RelationalPlugins/oracle} CORAL_ORA_SKIP_TRANS_READONLY is set: this session will skip OCI serializable read-only transactions
      +++ PYTEST MAIN ( 6502) @18:02:58.851097 +++ GLITCH.....!
      ssh(6841) Process will be killed
      ssh(6891) Process started
      +++ PYTEST MAIN ( 6502) @18:03:02.452977 +++ GLITCH OVER!
      +++ PYTEST MAIN ( 6502) @18:03:02.453085 +++ Glitch before transaction instantiation
      2011-12-13 18:03:02.453 [ERR] {CORAL/RelationalPlugins/oracle} The connection has been lost!?
      2011-12-13 18:03:02.453 [ERR] {CORAL/Services/ConnectionService} The session is no longer valid: re-open a new session (ConnectionService::SessionProxy::reconnect)
      2011-12-13 18:03:02.566 [WRN] {CORAL/RelationalPlugins/oracle} CORAL_ORA_SKIP_TRANS_READONLY is set: this session will skip OCI serializable read-only transactions
      ID (int) : 1045 Data (float) : 1045
      ID (int) : 1046 Data (float) : 1046
      ID (int) : 1047 Data (float) : 1047
      ID (int) : 1048 Data (float) : 1048
      ID (int) : 1049 Data (float) : 1049
      ID (int) : 1050 Data (float) : 1050
      ID (int) : 1051 Data (float) : 1051
      ID (int) : 1052 Data (float) : 1052
      ID (int) : 1053 Data (float) : 1053
      ID (int) : 1054 Data (float) : 1054
      ID (int) : 1055 Data (float) : 1055
      ID (int) : 1056 Data (float) : 1056
      ID (int) : 1057 Data (float) : 1057
      ID (int) : 1058 Data (float) : 1058
      ID (int) : 1059 Data (float) : 1059
      ID (int) : 1060 Data (float) : 1060
      ID (int) : 1061 Data (float) : 1061
      ID (int) : 1062 Data (float) : 1062
      ID (int) : 1063 Data (float) : 1063
      ID (int) : 1064 Data (float) : 1064
      ID (int) : 1065 Data (float) : 1065
      ======================================================================
      ok
      
      ++++++++++++++++++++++++++++++++++++++++++++++++++++++++++++++++++++++
      TestNetworkGlitch.test032_IConnectionToCursor ... 
      +++ PYTEST MAIN ( 6502) @18:03:02.581875 +++ Open a network tunnel
      +++ PYTEST MAIN ( 6502) @18:03:02.691390 +++ Connect R/O to: oracle://lcg_coral_nightly_proxy/lcg_coral_nightly
      2011-12-13 18:03:02.804 [WRN] {CORAL/RelationalPlugins/oracle} CORAL_ORA_SKIP_TRANS_READONLY is set: this session will skip OCI serializable read-only transactions
      +++ PYTEST MAIN ( 6502) @18:03:02.804547 +++ GLITCH.....!
      ssh(6891) Process will be killed
      ssh(6934) Process started
      +++ PYTEST MAIN ( 6502) @18:03:06.344415 +++ GLITCH OVER!
      +++ PYTEST MAIN ( 6502) @18:03:06.344551 +++ Glitch before transaction start
      2011-12-13 18:03:06.344 [ERR] {CORAL/RelationalPlugins/oracle} The connection has been lost!?
      2011-12-13 18:03:06.345 [ERR] {CORAL/Services/ConnectionService} The session is no longer valid: re-open a new session (ConnectionService::SessionProxy::reconnect)
      2011-12-13 18:03:06.458 [WRN] {CORAL/RelationalPlugins/oracle} CORAL_ORA_SKIP_TRANS_READONLY is set: this session will skip OCI serializable read-only transactions
      ID (int) : 1045 Data (float) : 1045
      ID (int) : 1046 Data (float) : 1046
      ID (int) : 1047 Data (float) : 1047
      ID (int) : 1048 Data (float) : 1048
      ID (int) : 1049 Data (float) : 1049
      ID (int) : 1050 Data (float) : 1050
      ID (int) : 1051 Data (float) : 1051
      ID (int) : 1052 Data (float) : 1052
      ID (int) : 1053 Data (float) : 1053
      ID (int) : 1054 Data (float) : 1054
      ID (int) : 1055 Data (float) : 1055
      ID (int) : 1056 Data (float) : 1056
      ID (int) : 1057 Data (float) : 1057
      ID (int) : 1058 Data (float) : 1058
      ID (int) : 1059 Data (float) : 1059
      ID (int) : 1060 Data (float) : 1060
      ID (int) : 1061 Data (float) : 1061
      ID (int) : 1062 Data (float) : 1062
      ID (int) : 1063 Data (float) : 1063
      ID (int) : 1064 Data (float) : 1064
      ID (int) : 1065 Data (float) : 1065
      ======================================================================
      ok
      
      ++++++++++++++++++++++++++++++++++++++++++++++++++++++++++++++++++++++
      TestNetworkGlitch.test033_IConnectionToCursor ... 
      +++ PYTEST MAIN ( 6502) @18:03:06.475198 +++ Open a network tunnel
      +++ PYTEST MAIN ( 6502) @18:03:06.742323 +++ Connect R/O to: oracle://lcg_coral_nightly_proxy/lcg_coral_nightly
      2011-12-13 18:03:06.854 [WRN] {CORAL/RelationalPlugins/oracle} CORAL_ORA_SKIP_TRANS_READONLY is set: this session will skip OCI serializable read-only transactions
      +++ PYTEST MAIN ( 6502) @18:03:06.855021 +++ GLITCH.....!
      ssh(6934) Process will be killed
      ssh(6984) Process started
      +++ PYTEST MAIN ( 6502) @18:03:10.339746 +++ GLITCH OVER!
      +++ PYTEST MAIN ( 6502) @18:03:10.339877 +++ Glitch before Nominal Schema
      2011-12-13 18:03:10.340 [ERR] {CORAL/RelationalPlugins/oracle} The connection has been lost!?
      2011-12-13 18:03:10.340 [ERR] {CORAL/Services/ConnectionService} The session is no longer valid: re-open a new session (ConnectionService::SessionProxy::reconnect)
      2011-12-13 18:03:10.452 [WRN] {CORAL/RelationalPlugins/oracle} CORAL_ORA_SKIP_TRANS_READONLY is set: this session will skip OCI serializable read-only transactions
      ID (int) : 1045 Data (float) : 1045
      ID (int) : 1046 Data (float) : 1046
      ID (int) : 1047 Data (float) : 1047
      ID (int) : 1048 Data (float) : 1048
      ID (int) : 1049 Data (float) : 1049
      ID (int) : 1050 Data (float) : 1050
      ID (int) : 1051 Data (float) : 1051
      ID (int) : 1052 Data (float) : 1052
      ID (int) : 1053 Data (float) : 1053
      ID (int) : 1054 Data (float) : 1054
      ID (int) : 1055 Data (float) : 1055
      ID (int) : 1056 Data (float) : 1056
      ID (int) : 1057 Data (float) : 1057
      ID (int) : 1058 Data (float) : 1058
      ID (int) : 1059 Data (float) : 1059
      ID (int) : 1060 Data (float) : 1060
      ID (int) : 1061 Data (float) : 1061
      ID (int) : 1062 Data (float) : 1062
      ID (int) : 1063 Data (float) : 1063
      ID (int) : 1064 Data (float) : 1064
      ID (int) : 1065 Data (float) : 1065
      ======================================================================
      ok
      
      ++++++++++++++++++++++++++++++++++++++++++++++++++++++++++++++++++++++
      TestNetworkGlitch.test034_IConnectionToCursor ... 
      +++ PYTEST MAIN ( 6502) @18:03:10.465356 +++ Open a network tunnel
      +++ PYTEST MAIN ( 6502) @18:03:10.553646 +++ Connect R/O to: oracle://lcg_coral_nightly_proxy/lcg_coral_nightly
      2011-12-13 18:03:10.664 [WRN] {CORAL/RelationalPlugins/oracle} CORAL_ORA_SKIP_TRANS_READONLY is set: this session will skip OCI serializable read-only transactions
      +++ PYTEST MAIN ( 6502) @18:03:10.665104 +++ GLITCH.....!
      ssh(6984) Process will be killed
      ssh(7033) Process started
      +++ PYTEST MAIN ( 6502) @18:03:14.146220 +++ GLITCH OVER!
      +++ PYTEST MAIN ( 6502) @18:03:14.146398 +++ Glitch before Query
      2011-12-13 18:03:14.303 [ERR] {CORAL/RelationalPlugins/oracle} ORA-03113: end-of-file on communication channel
      Process ID: 0
      Session ID: 837 Serial number: 14188 (retrieving the describe handle of LCG_CORAL_NIGHTLY."R5TD_NETWORKGLITCHTEST" (Schema::tableHandle))
      ERROR
      ======================================================================
      
      ++++++++++++++++++++++++++++++++++++++++++++++++++++++++++++++++++++++
      TestNetworkGlitch.test035_IConnectionToCursor ... 
      +++ PYTEST MAIN ( 6502) @18:03:14.306719 +++ Open a network tunnel
      +++ PYTEST MAIN ( 6502) @18:03:14.399076 +++ Connect R/O to: oracle://lcg_coral_nightly_proxy/lcg_coral_nightly
      2011-12-13 18:03:14.509 [WRN] {CORAL/RelationalPlugins/oracle} CORAL_ORA_SKIP_TRANS_READONLY is set: this session will skip OCI serializable read-only transactions
      ID (int) : 1045 Data (float) : 1045
      ID (int) : 1046 Data (float) : 1046
      ID (int) : 1047 Data (float) : 1047
      ID (int) : 1048 Data (float) : 1048
      ID (int) : 1049 Data (float) : 1049
      ID (int) : 1050 Data (float) : 1050
      ID (int) : 1051 Data (float) : 1051
      ID (int) : 1052 Data (float) : 1052
      ID (int) : 1053 Data (float) : 1053
      ID (int) : 1054 Data (float) : 1054
      ID (int) : 1055 Data (float) : 1055
      +++ PYTEST MAIN ( 6502) @18:03:14.516657 +++ GLITCH.....!
      ssh(7033) Process will be killed
      ssh(7078) Process started
      +++ PYTEST MAIN ( 6502) @18:03:17.924666 +++ GLITCH OVER!
      +++ PYTEST MAIN ( 6502) @18:03:17.924772 +++ GLITCH during the loop on the Cursor
      2011-12-13 18:03:18.080 [ERR] {CORAL/RelationalPlugins/oracle} ORA-03113: end-of-file on communication channel
      Process ID: 0
      Session ID: 837 Serial number: 14194 (Fetching the next row from "SELECT * FROM LCG_CORAL_NIGHTLY."R5TD_NETWORKGLITCHTEST" "R5TD_NETWORKGLITCHTEST"")
      ERROR
      ======================================================================
      
      ++++++++++++++++++++++++++++++++++++++++++++++++++++++++++++++++++++++
      TestNetworkGlitch.test036_IConnectionToCursorWithDoubleSession ... 
      Open a network tunnel
      Connect R/O to: oracle://lcg_coral_nightly_proxy/lcg_coral_nightly
      2011-12-13 18:03:18.277 [WRN] {CORAL/RelationalPlugins/oracle} CORAL_ORA_SKIP_TRANS_READONLY is set: this session will skip OCI serializable read-only transactions
      2011-12-13 18:03:18.281 [WRN] {CORAL/RelationalPlugins/oracle} CORAL_ORA_SKIP_TRANS_READONLY is set: this session will skip OCI serializable read-only transactions
      GLITCH.....!
      ssh(7078) Process will be killed
      ssh(7125) Process started
      GLITCH OVER!
      Instantiate the transaction 1
      2011-12-13 18:03:21.702 [ERR] {CORAL/RelationalPlugins/oracle} The connection has been lost!?
      2011-12-13 18:03:21.702 [ERR] {CORAL/Services/ConnectionService} The session is no longer valid: re-open a new session (ConnectionService::SessionProxy::reconnect)
      2011-12-13 18:03:21.812 [WRN] {CORAL/RelationalPlugins/oracle} CORAL_ORA_SKIP_TRANS_READONLY is set: this session will skip OCI serializable read-only transactions
      Instantiate the transaction 2
      2011-12-13 18:03:21.812 [ERR] {CORAL/Services/ConnectionService} The session is no longer valid: re-open a new session (ConnectionService::SessionProxy::reconnect)
      2011-12-13 18:03:21.815 [WRN] {CORAL/RelationalPlugins/oracle} CORAL_ORA_SKIP_TRANS_READONLY is set: this session will skip OCI serializable read-only transactions
      REInstantiate the transaction 1
      GLITCH.....!
      ssh(7125) Process will be killed
      ssh(7167) Process started
      GLITCH OVER!
      Start the transaction 1
      GLITCH.....!
      ssh(7167) Process will be killed
      ssh(7209) Process started
      GLITCH OVER!
      Start the transaction 2
      ReStart the transaction 1
      2011-12-13 18:03:29.157 [WRN] {CORAL/RelationalPlugins/oracle} A transaction is already active
      End
      GLITCH.....!
      ssh(7209) Process will be killed
      ssh(7256) Process started
      GLITCH OVER!
      Use sessions again
      SCHEMA1 SESSION1
      2011-12-13 18:03:32.595 [ERR] {CORAL/RelationalPlugins/oracle} The connection has been lost!?
      2011-12-13 18:03:32.595 [ERR] {CORAL/Services/ConnectionService} The session is no longer valid: re-open a new session (ConnectionService::SessionProxy::reconnect)
      2011-12-13 18:03:32.708 [WRN] {CORAL/RelationalPlugins/oracle} CORAL_ORA_SKIP_TRANS_READONLY is set: this session will skip OCI serializable read-only transactions
      SCHEMA2 SESSION2
      2011-12-13 18:03:32.709 [ERR] {CORAL/Services/ConnectionService} The session is no longer valid: re-open a new session (ConnectionService::SessionProxy::reconnect)
      2011-12-13 18:03:32.713 [WRN] {CORAL/RelationalPlugins/oracle} CORAL_ORA_SKIP_TRANS_READONLY is set: this session will skip OCI serializable read-only transactions
      QUERY SCHEMA1 SESSION1
      GLITCH.....!
      ssh(7256) Process will be killed
      ssh(7305) Process started
      GLITCH OVER!
      Trigger a new query using the old schema
      Cursor
      2011-12-13 18:03:36.300 [ERR] {CORAL/RelationalPlugins/oracle} ORA-03113: end-of-file on communication channel
      Process ID: 0
      Session ID: 807 Serial number: 24726 (Executing statement "SELECT * FROM LCG_CORAL_NIGHTLY."R5TD_NETWORKGLITCHTEST" "R5TD_NETWORKGLITCHTEST"")
      ERROR
      ======================================================================
      
      ++++++++++++++++++++++++++++++++++++++++++++++++++++++++++++++++++++++
      TestNetworkGlitch.test040_glitchInConnect_ora24327_bug58522 ... +++ PYTEST MAIN ( 6502) @18:03:46.453150 +++ Exception caught after 10.145 seconds
      +++ PYTEST MAIN ( 6502) @18:03:46.453227 +++ Sleep + Retrial timeout is 25.000 seconds
      +++ PYTEST MAIN ( 6502) @18:03:46.453256 +++ CORAL did not wait for the retrial timeout: SUCCESS
      
      +++ PYTEST MAIN ( 6502) @18:03:36.307455 +++ Fork and delay dump to resync parent and child
      +++ PYTEST MAIN ( 6502) @18:03:36.308089 +++ Parent process: PID=6502
      +++ PYTEST MAIN ( 6502) @18:03:36.308198 +++ Connect R/O to: oracle://lcg_coral_nightly_proxy/lcg_coral_nightly
      __Connection::connect() @18:03:36.450579 sleep 10s (test ORA-24327)
      +++ PYTEST child( 7321) @18:03:37.307618 +++  Child process: PID=7321
      +++ PYTEST child( 7321) @18:03:39.307164 +++  GLITCH.....!
      ssh(7305) Process will be killed
      ssh(7368) Process started
      +++ PYTEST child( 7321) @18:03:42.747728 +++  GLITCH OVER!
      +++ PYTEST child( 7321) @18:03:42.747888 +++  Child process: exit!
      __Connection::connect() @18:03:46.452112 slept 10s (test ORA-24327)
      2011-12-13 18:03:46.452 [ERR] {CORAL/RelationalPlugins/oracle} ORA-03113: end-of-file on communication channel
      Process ID: 0
      Session ID: 0 Serial number: 0 (authenticating)
      +++ PYTEST MAIN ( 6502) @18:03:46.453889 +++ Delayed dump completed
      ======================================================================
      ok
      
      ======================================================================
      ERROR: 
      ++++++++++++++++++++++++++++++++++++++++++++++++++++++++++++++++++++++
      TestNetworkGlitch.test011_ICursorPVM_bug73334
      ----------------------------------------------------------------------
      Traceback (most recent call last):
        File "/afs/cern.ch/sw/lcg/app/releases/CORAL/CORAL_2_3_20/src/../i686-slc5-gcc43-dbg/tests/bin/test_PyCoral_NetworkGlitch.py", line 143, in test011_ICursorPVM_bug73334
          cursor.next()
      Exception: Session is no longer valid ( CORAL : "SessionProperties::isTransactionActive" from "CORAL/RelationalPlugins/oracle" )
      
      ======================================================================
      ERROR: 
      ++++++++++++++++++++++++++++++++++++++++++++++++++++++++++++++++++++++
      TestNetworkGlitch.test034_IConnectionToCursor
      ----------------------------------------------------------------------
      Traceback (most recent call last):
        File "/afs/cern.ch/sw/lcg/app/releases/CORAL/CORAL_2_3_20/src/../i686-slc5-gcc43-dbg/tests/bin/test_PyCoral_NetworkGlitch.py", line 241, in test034_IConnectionToCursor
          self.internalTest03x_IConnectionToCursor(dbg,4)
        File "/afs/cern.ch/sw/lcg/app/releases/CORAL/CORAL_2_3_20/src/../i686-slc5-gcc43-dbg/tests/bin/test_PyCoral_NetworkGlitch.py", line 282, in internalTest03x_IConnectionToCursor
          query = schema.tableHandle(tableName).newQuery()
      Exception: Could not retrieve a describe handle ( CORAL : "ISchema::tableHandle" from "CORAL/RelationalPlugins/oracle" )
      
      ======================================================================
      ERROR: 
      ++++++++++++++++++++++++++++++++++++++++++++++++++++++++++++++++++++++
      TestNetworkGlitch.test035_IConnectionToCursor
      ----------------------------------------------------------------------
      Traceback (most recent call last):
        File "/afs/cern.ch/sw/lcg/app/releases/CORAL/CORAL_2_3_20/src/../i686-slc5-gcc43-dbg/tests/bin/test_PyCoral_NetworkGlitch.py", line 250, in test035_IConnectionToCursor
          self.internalTest03x_IConnectionToCursor(dbg,5)
        File "/afs/cern.ch/sw/lcg/app/releases/CORAL/CORAL_2_3_20/src/../i686-slc5-gcc43-dbg/tests/bin/test_PyCoral_NetworkGlitch.py", line 292, in internalTest03x_IConnectionToCursor
          while ( cursor.next() ):
      Exception: ORA-03113: end-of-file on communication channel
      Process ID: 0
      Session ID: 837 Serial number: 14194 (Fetching the next row from "SELECT * FROM LCG_CORAL_NIGHTLY."R5TD_NETWORKGLITCHTEST" "R5TD_NETWORKGLITCHTEST"") ( CORAL : "OracleStatement" from "CORAL/RelationalPlugins/oracle" )
      
      ======================================================================
      ERROR: 
      ++++++++++++++++++++++++++++++++++++++++++++++++++++++++++++++++++++++
      TestNetworkGlitch.test036_IConnectionToCursorWithDoubleSession
      ----------------------------------------------------------------------
      Traceback (most recent call last):
        File "/afs/cern.ch/sw/lcg/app/releases/CORAL/CORAL_2_3_20/src/../i686-slc5-gcc43-dbg/tests/bin/test_PyCoral_NetworkGlitch.py", line 355, in test036_IConnectionToCursorWithDoubleSession
          cursor1 = query1.execute()
      Exception: Could not execute a query ( CORAL : "IQuery::execute" from "CORAL/RelationalPlugins/oracle" )
      
      ======================================================================
      FAIL: 
      ++++++++++++++++++++++++++++++++++++++++++++++++++++++++++++++++++++++
      TestNetworkGlitch.test022_glitchInActiveTransSerialRO_bug57117
      ----------------------------------------------------------------------
      Traceback (most recent call last):
        File "/afs/cern.ch/sw/lcg/app/releases/CORAL/CORAL_2_3_20/src/../i686-slc5-gcc43-dbg/tests/bin/test_PyCoral_NetworkGlitch.py", line 192, in test022_glitchInActiveTransSerialRO_bug57117
          self.fail( "Commit should fail for serializable RO transaction after glitch!" )
      AssertionError: Commit should fail for serializable RO transaction after glitch!
      
      ----------------------------------------------------------------------
      Ran 12 tests in 73.939s
      
      FAILED (failures=1, errors=4)
      ssh(7368) Process will be killed
      

    qmtest.end_time:
      2011-12-13T17:03:47Z

    qmtest.start_time:
      2011-12-13T17:02:30Z

    qmtest.target:
      local

  pycoral_integration.basic_mysql               : PASS    

  pycoral_integration.basic_mysql-coral         : UNTESTED
    Platform not supported.

  pycoral_integration.basic_oracle              : PASS    

  pycoral_integration.basic_oracle-coral        : PASS    

  pycoral_integration.basic_oracle-frontier     : PASS    

  pycoral_integration.basic_sqlite              : PASS    

  pycoral_integration.miscellaneousbugs_mysql   : PASS    

  pycoral_integration.miscellaneousbugs_mysql-coral: UNTESTED
    Platform not supported.

  pycoral_integration.miscellaneousbugs_oracle  : PASS    

  pycoral_integration.miscellaneousbugs_oracle-coral: UNTESTED
    Platform not supported.

  pycoral_integration.miscellaneousbugs_oracle-frontier: UNTESTED
    Platform not supported.

  pycoral_integration.miscellaneousbugs_sqlite  : PASS    

  unit.connectionservice_connection             : PASS    

  unit.coralbase_atlifunctionality              : PASS    

  unit.coralbase_atlispecfunctionality          : PASS    

  unit.coralbase_attributereadwrite             : PASS    

  unit.coralbase_blobreadwrite                  : PASS    

  unit.coralbase_cppunitexample                 : PASS    

  unit.coralbase_datatypebug                    : UNTESTED
    Platform not supported.

  unit.coralbase_date                           : PASS    

  unit.coralbase_messagestream                  : PASS    

  unit.coralbase_timestamp                      : PASS    

  unit.coralcommon_monitoringevent              : PASS    

  unit.coralcommon_simpleexpressionparser       : PASS    

  unit.coralcommon_timer                        : PASS    

  unit.coralcommon_uriparser                    : PASS    

  unit.coralkernel_externalpluginmanager        : PASS    

  unit.coralkernel_pluginlist                   : PASS    

  unit.coralkernel_pluginmanager                : PASS    

  unit.coralkernel_propertymanager              : PASS    

  unit.environmentauthenticationservice_loadservice: PASS    

  unit.frontieraccess_cmsnewfrontier            : UNTESTED
    Platform not supported.

  unit.frontieraccess_monitorcontroller         : UNTESTED
    Platform not supported.

  unit.frontieraccess_multipleschemas           : UNTESTED
    Platform not supported.

  unit.frontieraccess_schema                    : UNTESTED
    Platform not supported.

  unit.frontieraccess_segfault                  : UNTESTED
    Platform not supported.

  unit.frontieraccess_simplequeries             : UNTESTED
    Platform not supported.

  unit.frontieraccess_testalias                 : UNTESTED
    Platform not supported.

  unit.lfcreplicaservice_fullservice            : UNTESTED
    Platform not supported.

  unit.monitoringservice_report                 : PASS    

  unit.mysqlaccess_bulkinserts                  : UNTESTED
    Platform not supported.

  unit.mysqlaccess_connection                   : UNTESTED
    Platform not supported.

  unit.mysqlaccess_dataeditor                   : UNTESTED
    Platform not supported.

  unit.mysqlaccess_multipleschemas              : UNTESTED
    Platform not supported.

  unit.mysqlaccess_nipp                         : PASS    

  unit.mysqlaccess_schema                       : UNTESTED
    Platform not supported.

  unit.mysqlaccess_schemacopy                   : UNTESTED
    Platform not supported.

  unit.mysqlaccess_segfault                     : UNTESTED
    Platform not supported.

  unit.mysqlaccess_showcreatetableparser        : PASS    

  unit.mysqlaccess_simplequeries                : UNTESTED
    Platform not supported.

  unit.mysqlaccess_test40                       : UNTESTED
    Platform not supported.

  unit.mysqlaccess_testalias                    : UNTESTED
    Platform not supported.

  unit.oracleaccess_bulkinserts                 : PASS    

  unit.oracleaccess_connection                  : PASS    

  unit.oracleaccess_datadictionary              : PASS    

  unit.oracleaccess_dataeditor                  : PASS    

  unit.oracleaccess_dateandtime                 : PASS    

  unit.oracleaccess_dual                        : PASS    

  unit.oracleaccess_groupby                     : PASS    

  unit.oracleaccess_multipleschemas             : PASS    

  unit.oracleaccess_multiplesessions            : PASS    

  unit.oracleaccess_multithreading              : PASS    

  unit.oracleaccess_schema                      : PASS    

  unit.oracleaccess_simplequeries               : PASS    

  unit.oracleaccess_views                       : PASS    

  unit.relationalaccess_tabledescription        : PASS    

  unit.relationalservice_loadservice            : PASS    

  unit.sqliteaccess_bulkinserts                 : PASS    

  unit.sqliteaccess_bulkoperations              : PASS    

  unit.sqliteaccess_createlistdrop              : PASS    

  unit.sqliteaccess_dataeditor                  : PASS    

  unit.sqliteaccess_dateandtime                 : PASS    

  unit.sqliteaccess_describetable               : PASS    

  unit.sqliteaccess_expressionparser            : PASS    

  unit.sqliteaccess_queriesinsingletable        : PASS    

  unit.sqliteaccess_querieswithmultipletables   : PASS    

  unit.sqliteaccess_schemaeditor                : PASS    

  unit.sqliteaccess_uint32order                 : PASS    

  unit.sqliteaccess_views                       : PASS    

  unit.xmlauthenticationservice_loadservice     : UNTESTED
    Platform not supported.

  unit.xmllookupservice_loadservice             : UNTESTED
    Platform not supported.

  unit_coralserver.coralauthenticationservice_opensslcipher: PASS    

  unit_coralserver.coralauthenticationservice_querymgr: PASS    

  unit_coralserver.coralmonitor_csvstatsreporter: PASS    

  unit_coralserver.coralmonitor_monitorservice  : PASS    

  unit_coralserver.coralmonitor_serviceorder    : PASS    

  unit_coralserver.coralmonitor_statsmanager    : PASS    

  unit_coralserver.coralmonitor_statsset        : PASS    

  unit_coralserver.coralmonitor_statsstatic     : PASS    

  unit_coralserver.coralmonitor_stoptimer       : UNTESTED
    Platform not supported.

  unit_coralserver.coralmonitor_threadsafety    : PASS    

  unit_coralserver.coralserverbase_bytebuffer   : PASS    

  unit_coralserver.coralserverbase_calopcode    : PASS    

  unit_coralserver.coralserverbase_calpacket    : PASS    

  unit_coralserver.coralserverbase_coralserverproxyexception: PASS    

  unit_coralserver.coralserverbase_ctlpacket    : PASS    

  unit_coralserver.coralserverbase_stoptimer    : UNTESTED
    Platform not supported.

  unit_coralserver.coralserverproxy_packet      : PASS    

  unit_coralserver.coralsockets_dummyrequesthandler: PASS    

  unit_coralserver.coralsockets_packetsocket    : PASS    

  unit_coralserver.coralsockets_poll            : PASS    

  unit_coralserver.coralsockets_replymanager    : PASS    

  unit_coralserver.coralsockets_requestiterator : PASS    

  unit_coralserver.coralsockets_ringbuffersocket: PASS    

  unit_coralserver.coralsockets_socketcontext   : PASS    

  unit_coralserver.coralsockets_socketrequesthandler: PASS    

  unit_coralserver.coralsockets_socketthread    : PASS    

  unit_coralserver.coralsockets_sslsocket       : PASS    

  unit_coralserver.coralsockets_tcpsocket       : PASS    

  unit_coralserver.coralsockets_threadmanager   : PASS    

  unit_coralserver.coralstubs_allparts          : PASS    

  unit_coralserver.coralstubs_requesthandler    : PASS    

  unit_coralserver.coralstubs_streambuffer      : PASS    

--- TESTS THAT DID NOT PASS (EXCLUDING UNTESTED TESTS) -----------------------

  pycoral.networkglitch                         : FAIL    
    Unexpected exit_code.


--- STATISTICS ---------------------------------------------------------------

     331        tests total
       1 (  0%) tests FAIL
     191 ( 58%) tests UNTESTED
     139 ( 42%) tests PASS

