
[oval run] =================================================
[oval run] USER : ioannis
[oval run] HOST : pcitapi70
[oval run] run tool: oval
[oval run] final instruction: unitTest_CoralBase_AttributeReadWrite
[oval run] =================================================

x (double) : 11.22
[OVAL] : Test successful

[oval run] ==========================================
[oval run] result: OK
[oval run] ==========================================

