[OVAL]Connection CORAL-MySQL-lcgnight/service2 was ok.
[OVAL]Number of idle connection:0
[OVAL]Number of active connection:1
[OVAL]Number of idle connection:1
[OVAL]Number of active connection:0
[OVAL]Number of idle connection:0
[OVAL]Number of active connection:1
[OVAL]Number of idle connection:0
[OVAL]Number of active connection:2
[OVAL]Number of idle connection:0
[OVAL]Number of active connection:3
[OVAL]Connection CORAL-MySQL-lcgnight/service2 was ok.
[OVAL]Number of idle connection:0
[OVAL]Number of active connection:3
[OVAL]Connection CORAL-MySQL-lcgnight/service2 was ok.
[OVAL]Number of idle connection:3
[OVAL]Number of active connection:0
[OVAL]Number of idle connection:0
[OVAL]Number of active connection:0
[OVAL] Success
