[OVAL]Connection CORAL-SQLite-lcgnight/service2 was ok.
[OVAL]Number of idle connection:0
[OVAL]Number of active connection:1
[OVAL]Number of idle connection:1
[OVAL]Number of active connection:0
[OVAL]Number of idle connection:0
[OVAL]Number of active connection:1
[OVAL]Number of idle connection:0
[OVAL]Number of active connection:1
[OVAL]Number of idle connection:0
[OVAL]Number of active connection:1
[OVAL]Connection CORAL-SQLite-lcgnight/service2 was ok.
[OVAL]Number of idle connection:0
[OVAL]Number of active connection:1
[OVAL]Connection CORAL-SQLite-lcgnight/service2 was ok.
[OVAL]Number of idle connection:1
[OVAL]Number of active connection:0
[OVAL]Number of idle connection:0
[OVAL]Number of active connection:0
[OVAL] Success
