
[oval run] =================================================
[oval run] USER : ioannis
[oval run] HOST : pcitapi70
[oval run] run tool: oval
[oval run] final instruction: unitTest_RelationalAccess_TableDescription
[oval run] =================================================

[OVAL] Success

[oval run] ==========================================
[oval run] result: OK
[oval run] ==========================================

