[OVAL]Connection CORAL-Oracle-lcgnight/devservice0 was ok.
[OVAL]Number of idle connection:0
[OVAL]Number of active connection:1
[OVAL]Number of idle connection:0
[OVAL]Number of active connection:1
[OVAL]Number of idle connection:0
[OVAL]Number of active connection:1
[OVAL]Connection CORAL-Oracle-lcgnight/devservice0 was ok.
[OVAL]Number of idle connection:0
[OVAL]Number of active connection:1
[OVAL]Number of idle connection:0
[OVAL]Number of active connection:1
[OVAL]Number of idle connection:0
[OVAL]Number of active connection:1
[OVAL]Connection CORAL-Oracle-lcgnight/devservice1 was ok.
[OVAL]Number of idle connection:0
[OVAL]Number of active connection:1
[OVAL]Connection CORAL-Oracle-lcgnight/devservice1 was ok.
[OVAL]Number of idle connection:0
[OVAL]Number of active connection:1
[OVAL]Number of idle connection:1
[OVAL]Number of active connection:0
[OVAL] Success
